// Jest Snapshot v1, https://goo.gl/fbAQLP

exports[`ComparisonCard component Matches the snapshot 1`] = `"<div class=\\"district-card\\"><h3 class=\\"district-card-title\\">COLORADO:</h3><p>0.53</p><h3>&lt;--- 0.768 ---&gt;</h3><h3 class=\\"district-card-title\\">ACADEMY 20:</h3><p>0.407</p></div>"`;
