// Jest Snapshot v1, https://goo.gl/fbAQLP

exports[`ComparisonContainer component should match the snapshot 1`] = `"<div class=\\"comparison-container\\"><div style=\\"opacity:0\\"><div class=\\"district-card\\" style=\\"width:9rem\\"><h3 class=\\"district-card-title\\">COLORADO</h3><div class=\\"district-stats\\"><p>2004 : <span class=\\"subPointFive\\">0.24</span></p><p>2005 : <span class=\\"subPointFive\\">0.278</span></p></div><p>AVG : <span class=\\"\\">0.53</span></p></div></div><div class=\\"district-card\\" style=\\"width:9rem\\"><h3 class=\\"district-card-title\\">COLORADO</h3><div class=\\"district-stats\\"><p>2004 : <span class=\\"subPointFive\\">0.24</span></p><p>2005 : <span class=\\"subPointFive\\">0.278</span></p></div><p>AVG : <span class=\\"\\">0.53</span></p></div><div class=\\"district-card\\"><h3 class=\\"district-card-title\\">COLORADO:</h3><p>0.53</p><h3>&lt;--- 0.768 ---&gt;</h3><h3 class=\\"district-card-title\\">ACADEMY 20:</h3><p>0.407</p></div><div class=\\"district-card\\" style=\\"width:9rem\\"><h3 class=\\"district-card-title\\">ACADEMY 20</h3><div class=\\"district-stats\\"><p>2010 : <span class=\\"\\">0.64</span></p><p>2011 : <span class=\\"\\">0.672</span></p></div><p>AVG : <span class=\\"subPointFive\\">0.407</span></p></div></div>"`;
